#-----------------------------------------------------------
# Vivado v2021.1 (64-bit)
# SW Build 3247384 on Thu Jun 10 19:36:33 MDT 2021
# IP Build 3246043 on Fri Jun 11 00:30:35 MDT 2021
# Start of session at: Fri Nov 10 12:18:16 2023
# Process ID: 3492
# Current directory: C:/Users/gagan/OneDrive/Desktop/i2C protocol/i2C_Protocol_1.1
# Command line: vivado.exe -gui_launcher_event rodinguilauncherevent19440 C:\Users\gagan\OneDrive\Desktop\i2C protocol\i2C_Protocol_1.1\i2C_Protocol_1.1.xpr
# Log file: C:/Users/gagan/OneDrive/Desktop/i2C protocol/i2C_Protocol_1.1/vivado.log
# Journal file: C:/Users/gagan/OneDrive/Desktop/i2C protocol/i2C_Protocol_1.1\vivado.jou
#-----------------------------------------------------------
start_gui
open_project {C:/Users/gagan/OneDrive/Desktop/i2C protocol/i2C_Protocol_1.1/i2C_Protocol_1.1.xpr}
update_compile_order -fileset sources_1
launch_simulation
open_wave_config {C:/Users/gagan/OneDrive/Desktop/i2C protocol/i2C_Protocol_1.1/i2C_Protocol_1.1.srcs/sim_1/imports/i2C_modified/tb_behav.wcfg}
source tb.tcl
run 1200 ns
save_wave_config {C:/Users/gagan/OneDrive/Desktop/i2C protocol/i2C_Protocol_1.1/i2C_Protocol_1.1.srcs/sim_1/imports/i2C_modified/tb_behav.wcfg}
close_sim
close_project
